// Jest Snapshot v1, https://goo.gl/fbAQLP

exports[`Dropdown matches snapshot 1`] = `
.c0 {
  display: -webkit-box;
  display: -webkit-flex;
  display: -ms-flexbox;
  display: flex;
  -webkit-align-self: center;
  -ms-flex-item-align: center;
  align-self: center;
}

.c1 {
  background: transparent;
  border: none;
  display: -webkit-box;
  display: -webkit-flex;
  display: -ms-flexbox;
  display: flex;
  -webkit-align-items: 'center';
  -webkit-box-align: 'center';
  -ms-flex-align: 'center';
  align-items: 'center';
  -webkit-box-pack: 'center';
  -webkit-justify-content: 'center';
  -ms-flex-pack: 'center';
  justify-content: 'center';
}

.c1:hover {
  cursor: pointer;
}

.c2 {
  color: initial;
}

<body>
  <div>
    <div
      class="dropdown is-right is-up"
    >
      <div
        class="c0"
      >
        <button
          class="c1"
          type="button"
        >
          My Test Label
        </button>
      </div>
      <div
        class="dropdown-menu"
        id="dropdown-menu"
        role="menu"
      >
        <div
          class="dropdown-content has-text-left"
        >
          <a
            class="c2 dropdown-item is-link"
            href="#end"
            role="menuitem"
            type="button"
          >
            Child 1
          </a>
          <a
            class="c2 dropdown-item is-link"
            href="#end"
            role="menuitem"
            type="button"
          >
            Child 2
          </a>
          <hr
            class="dropdown-divider"
          />
          <a
            class="c2 dropdown-item is-link"
            href="#end"
            role="menuitem"
            type="button"
          >
            Child 3
          </a>
        </div>
      </div>
    </div>
  </div>
</body>
`;
