// Jest Snapshot v1, https://goo.gl/fbAQLP

exports[`Alert matches snapshot 1`] = `
<Alert
  createdAt={1234567}
  id="test-id"
  message="My Alert Message"
  title="My Alert Title"
  type="error"
>
  <div
    className="notification is-danger"
  >
    <button
      className="delete"
      onClick={[Function]}
      type="button"
    >
      x
    </button>
    <div>
      <h6
        className="title is-6"
      >
        My Alert Title
      </h6>
      <p
        className="subtitle is-6"
      >
        My Alert Message
      </p>
    </div>
  </div>
</Alert>
`;
