// Jest Snapshot v1, https://goo.gl/fbAQLP

exports[`PageLoader matches the snapshot 1`] = `
<PageLoader>
  <section
    className="hero is-halfheight"
  >
    <div
      className="hero-body has-text-centered"
      style={
        Object {
          "justifyContent": "center",
        }
      }
    >
      <div
        style={
          Object {
            "width": 300,
          }
        }
      >
        <div
          className="subtitle"
        >
          Loading...
        </div>
        <progress
          className="progress is-small is-primary is-inline-block"
          max="100"
        />
      </div>
    </div>
  </section>
</PageLoader>
`;
