// Jest Snapshot v1, https://goo.gl/fbAQLP

exports[`MessagesTable when topic contains messages matches snapshot 1`] = `
<Fragment>
  <table
    className="table is-striped is-fullwidth"
  >
    <thead>
      <tr>
        <th>
          Timestamp
        </th>
        <th>
          Offset
        </th>
        <th>
          Partition
        </th>
        <th>
          Content
        </th>
      </tr>
    </thead>
    <tbody>
      <MessageItem
        content={
          Object {
            "foo": "bar",
            "key": "val",
          }
        }
        key="Fri May 05 1995 00:00:00 GMT+0400 (Moscow Summer Time)"
        offset={2}
        partition={1}
        timestamp={1995-05-04T20:00:00.000Z}
      />
      <MessageItem
        key="Thu May 07 2020 00:00:00 GMT+0300 (Moscow Standard Time)"
        offset={20}
        partition={2}
        timestamp={2020-05-06T21:00:00.000Z}
      />
    </tbody>
  </table>
  <div
    className="columns"
  >
    <div
      className="column is-full"
    >
      <CustomParamButton
        btnText="Next"
        className="is-link is-pulled-right"
        onClick={[MockFunction]}
        type="fa-chevron-right"
      />
    </div>
  </div>
</Fragment>
`;

exports[`MessagesTable when topic is empty matches snapshot 1`] = `
<div>
  No messages at selected topic
</div>
`;
