// Jest Snapshot v1, https://goo.gl/fbAQLP

exports[`SchemaVersion matches snapshot 1`] = `
<tr>
  <td>
    1
  </td>
  <td>
    1
  </td>
  <td
    className="py-0"
  >
    <JSONViewer
      data={
        Object {
          "fields": Array [
            Object {
              "name": "id",
              "type": "long",
            },
          ],
          "name": "MyRecord1",
          "namespace": "com.mycompany",
          "type": "record",
        }
      }
    />
  </td>
</tr>
`;
