// Jest Snapshot v1, https://goo.gl/fbAQLP

exports[`ListHeader matches the snapshot 1`] = `
<table>
  <thead>
    <tr>
      <ListHeaderCell
        orderBy={null}
        setOrderBy={[MockFunction]}
        title="Name"
        value="NAME"
      >
        <th
          className="is-clickable"
          onClick={[Function]}
        >
          Name
          <span
            className="icon is-small"
          >
            <i
              className="fas fa-sort"
            />
          </span>
        </th>
      </ListHeaderCell>
    </tr>
  </thead>
</table>
`;

exports[`ListHeader on column click matches the snapshot 1`] = `
<table>
  <thead>
    <tr>
      <ListHeaderCell
        orderBy={null}
        setOrderBy={[MockFunction]}
        title="Name"
        value="NAME"
      >
        <th
          className="is-clickable"
          onClick={[Function]}
        >
          Name
          <span
            className="icon is-small"
          >
            <i
              className="fas fa-sort"
            />
          </span>
        </th>
      </ListHeaderCell>
    </tr>
  </thead>
</table>
`;
