// Jest Snapshot v1, https://goo.gl/fbAQLP

exports[`TopicMessages reducer Adds new message 1`] = `
Object {
  "messages": Array [
    Object {
      "content": "{\\"host\\":\\"schemaregistry1\\",\\"port\\":8085,\\"master_eligibility\\":true,\\"scheme\\":\\"http\\",\\"version\\":1}",
      "headers": Object {},
      "key": "schema-registry",
      "offset": 14,
      "partition": 29,
      "timestamp": 2021-07-21T23:25:14.865Z,
      "timestampType": "CREATE_TIME",
    },
  ],
  "meta": Object {
    "bytesConsumed": 0,
    "elapsedMs": 0,
    "isCancelled": false,
    "messagesConsumed": 0,
  },
}
`;
