// Jest Snapshot v1, https://goo.gl/fbAQLP

exports[`Overview view matches snapshot 1`] = `
.c5 {
  border: none;
  border-radius: 16px;
  height: 20px;
  line-height: 20px;
  background-color: #FFEECC;
  color: #171A1C;
  font-size: 12px;
  display: inline-block;
  padding-left: 0.75em;
  padding-right: 0.75em;
  text-align: center;
}

.c0 {
  padding: 1.5rem 1rem;
  background: #F1F2F3;
  margin-bottom: 0.5rem !important;
  display: -webkit-box;
  display: -webkit-flex;
  display: -ms-flexbox;
  display: flex;
  gap: 16px;
  -webkit-flex-wrap: wrap;
  -ms-flex-wrap: wrap;
  flex-wrap: wrap;
}

.c3 {
  background-color: #FFFFFF;
  height: 68px;
  width: -webkit-fit-content;
  width: -moz-fit-content;
  width: fit-content;
  min-width: 150px;
  display: -webkit-box;
  display: -webkit-flex;
  display: -ms-flexbox;
  display: flex;
  -webkit-flex-direction: column;
  -ms-flex-direction: column;
  flex-direction: column;
  -webkit-box-pack: center;
  -webkit-justify-content: center;
  -ms-flex-pack: center;
  justify-content: center;
  -webkit-align-items: flex-start;
  -webkit-box-align: flex-start;
  -ms-flex-align: flex-start;
  align-items: flex-start;
  padding: 12px 16px;
  box-shadow: 3px 3px 3px rgba(0,0,0,0.08);
  margin: 0 0 3px 0;
  -webkit-box-flex: 1;
  -webkit-flex-grow: 1;
  -ms-flex-positive: 1;
  flex-grow: 1;
}

.c4 {
  font-weight: 500;
  font-size: 12px;
  color: #73848C;
  display: -webkit-box;
  display: -webkit-flex;
  display: -ms-flexbox;
  display: flex;
  -webkit-align-items: center;
  -webkit-box-align: center;
  -ms-flex-align: center;
  align-items: center;
  gap: 10px;
}

.c1 {
  display: -webkit-box;
  display: -webkit-flex;
  display: -ms-flexbox;
  display: flex;
  gap: 2px;
  -webkit-flex-wrap: wrap;
  -ms-flex-wrap: wrap;
  flex-wrap: wrap;
}

.c1 > .c2:first-child {
  border-top-left-radius: 8px;
  border-bottom-left-radius: 8px;
}

.c1 > .c2:last-child {
  border-top-right-radius: 8px;
  border-bottom-right-radius: 8px;
}

.c6 {
  grid-area: status;
  fill: none;
  width: 4px;
  height: 4px;
}

.c7 {
  fill: #E51A1A;
}

@media screen and (max-width:1023px) {
  .c1 > .c2:first-child,
  .c1 > .c2:last-child {
    border-radius: 0;
  }
}

<div
  className="c0"
>
  <div>
    <div
      className="c1"
    >
      <div
        className="c2 c3"
      >
        <div>
          <div
            className="c4"
          >
            Worker
             
          </div>
          <span>
            kafka-connect0:8083
          </span>
        </div>
      </div>
      <div
        className="c2 c3"
      >
        <div>
          <div
            className="c4"
          >
            Type
             
          </div>
          <span>
            SOURCE
          </span>
        </div>
      </div>
      <div
        className="c2 c3"
      >
        <div>
          <div
            className="c4"
          >
            Class
             
          </div>
          <span>
            FileStreamSource
          </span>
        </div>
      </div>
      <div
        className="c2 c3"
      >
        <div>
          <div
            className="c4"
          >
            State
             
          </div>
          <span>
            <p
              className="c5"
              color="yellow"
            >
              RUNNING
            </p>
          </span>
        </div>
      </div>
      <div
        className="c2 c3"
      >
        <div>
          <div
            className="c4"
          >
            Tasks Running
             
          </div>
          <span>
            10
          </span>
        </div>
      </div>
      <div
        className="c2 c3"
      >
        <div>
          <div
            className="c4"
          >
            Tasks Failed
             
            <svg
              className="c6"
              viewBox="0 0 4 4"
              xmlns="http://www.w3.org/2000/svg"
            >
              <circle
                className="c7"
                cx={2}
                cy={2}
                r={2}
              />
            </svg>
          </div>
          <span>
            f
            2
          </span>
        </div>
      </div>
    </div>
  </div>
</div>
`;
