// Jest Snapshot v1, https://goo.gl/fbAQLP

exports[`Config view matches snapshot 1`] = `
<div
  className="sc-bdfBQB dvPywA"
>
  <mock-JSONEditor
    highlightActiveLine={false}
    isFixedHeight={true}
    readOnly={true}
    value="{
	\\"connector.class\\": \\"FileStreamSource\\",
	\\"tasks.max\\": \\"10\\",
	\\"topic\\": \\"test-topic\\",
	\\"file\\": \\"/some/file\\"
}"
  />
</div>
`;

exports[`Config view matches snapshot when fetching config 1`] = `<mock-PageLoader />`;
