// Jest Snapshot v1, https://goo.gl/fbAQLP

exports[`ClusterStatusIcon matches snapshot 1`] = `
<ClusterStatusIcon
  status="online"
>
  <span
    className="tag is-primary"
    style={
      Object {
        "borderRadius": "5px",
        "height": "10px",
        "marginLeft": "7px",
        "padding": 0,
        "width": "10px",
      }
    }
    title="online"
  />
</ClusterStatusIcon>
`;
