// Jest Snapshot v1, https://goo.gl/fbAQLP

exports[`ListItem view matches snapshot 1`] = `
<table>
  <tbody>
    <tr>
      <td>
        1
      </td>
      <td>
        kafka-connect0:8083
      </td>
      <td>
        <p
          className="sc-dlfnuX jOLmGj"
        >
          RUNNING
        </p>
      </td>
      <td>
        null
      </td>
      <td
        style={
          Object {
            "width": "5%",
          }
        }
      >
        <div>
          <div
            className="dropdown is-right"
          >
            <div
              className="sc-gsTEea bcxnzQ"
            >
              <button
                aria-controls="dropdown-menu"
                aria-haspopup="true"
                className="sc-bdfBQB fjFNAo"
                onClick={[Function]}
                type="button"
              >
                <svg
                  fill="none"
                  height="16"
                  viewBox="0 0 4 16"
                  width="4"
                  xmlns="http://www.w3.org/2000/svg"
                >
                  <path
                    d="M2 4C3.1 4 4 3.1 4 2C4 0.9 3.1 0 2 0C0.9 0 0 0.9 0 2C0 3.1 0.9 4 2 4ZM2 6C0.9 6 0 6.9 0 8C0 9.1 0.9 10 2 10C3.1 10 4 9.1 4 8C4 6.9 3.1 6 2 6ZM2 12C0.9 12 0 12.9 0 14C0 15.1 0.9 16 2 16C3.1 16 4 15.1 4 14C4 12.9 3.1 12 2 12Z"
                    fill="#73848C"
                  />
                </svg>
              </button>
            </div>
            <div
              className="dropdown-menu"
              id="dropdown-menu"
              role="menu"
            >
              <div
                className="dropdown-content has-text-left"
              >
                <a
                  className="dropdown-item is-link"
                  href="#end"
                  onClick={[Function]}
                  role="menuitem"
                  type="button"
                >
                  <span>
                    Clear Messages
                  </span>
                </a>
              </div>
            </div>
          </div>
        </div>
      </td>
    </tr>
  </tbody>
</table>
`;
