// Jest Snapshot v1, https://goo.gl/fbAQLP

exports[`KsqlDb reducer Fetches tables and streams 1`] = `
Object {
  "executionResult": null,
  "streams": Array [
    Object {
      "isWindowed": "false",
      "keyFormat": "KAFKA",
      "name": "KSQL_PROCESSING_LOG",
      "topic": "default_ksql_processing_log",
      "type": "STREAM",
      "valueFormat": "JSON",
    },
    Object {
      "isWindowed": "false",
      "keyFormat": "KAFKA",
      "name": "PAGEVIEWS",
      "topic": "pageviews",
      "type": "STREAM",
      "valueFormat": "AVRO",
    },
  ],
  "tables": Array [
    Object {
      "isWindowed": "false",
      "keyFormat": "KAFKA",
      "name": "USERS",
      "topic": "users",
      "type": "TABLE",
      "valueFormat": "AVRO",
    },
    Object {
      "isWindowed": "false",
      "keyFormat": "KAFKA",
      "name": "USERS2",
      "topic": "users",
      "type": "TABLE",
      "valueFormat": "AVRO",
    },
  ],
}
`;

exports[`KsqlDb reducer Resets execution result 1`] = `
Object {
  "executionResult": null,
  "streams": Array [],
  "tables": Array [],
}
`;
