// Jest Snapshot v1, https://goo.gl/fbAQLP

exports[`DangerZone is rendered properly 1`] = `
.c6 {
  display: -webkit-box;
  display: -webkit-flex;
  display: -ms-flexbox;
  display: flex;
  -webkit-flex-direction: row;
  -ms-flex-direction: row;
  flex-direction: row;
  -webkit-align-items: center;
  -webkit-box-align: center;
  -ms-flex-align: center;
  align-items: center;
  -webkit-box-pack: center;
  -webkit-justify-content: center;
  -ms-flex-pack: center;
  justify-content: center;
  padding: 0px 12px;
  border: none;
  border-radius: 4px;
  white-space: nowrap;
  background: #4F4FFF;
  color: #FFFFFF;
  font-size: 14px;
  height: 32px;
}

.c6:hover:enabled {
  background: #1717CF;
  color: #FFFFFF;
  cursor: pointer;
}

.c6:active:enabled {
  background: #1414B8;
  color: #FFFFFF;
}

.c6:disabled {
  opacity: 0.5;
  cursor: not-allowed;
}

.c6 a {
  color: white;
}

.c6 i {
  margin-right: 7px;
}

.c5 {
  border: 1px #ABB5BA solid;
  border-radius: 4px;
  height: 32px;
  width: 100%;
  padding-left: 12px;
  font-size: 14px;
}

.c5::-webkit-input-placeholder {
  color: #ABB5BA;
  font-size: 14px;
}

.c5::-moz-placeholder {
  color: #ABB5BA;
  font-size: 14px;
}

.c5:-ms-input-placeholder {
  color: #ABB5BA;
  font-size: 14px;
}

.c5::placeholder {
  color: #ABB5BA;
  font-size: 14px;
}

.c5:hover {
  border-color: #73848C;
}

.c5:focus {
  outline: none;
  border-color: #454F54;
}

.c5:focus::-webkit-input-placeholder {
  color: transparent;
}

.c5:focus::-moz-placeholder {
  color: transparent;
}

.c5:focus:-ms-input-placeholder {
  color: transparent;
}

.c5:focus::placeholder {
  color: transparent;
}

.c5:disabled {
  color: #ABB5BA;
  border-color: #E3E6E8;
  cursor: not-allowed;
}

.c5:read-only {
  color: #171A1C;
  border: none;
  background-color: #F1F2F3;
  cursor: not-allowed;
}

.c5:-moz-read-only:focus::placeholder {
  color: #ABB5BA;
}

.c5:read-only:focus::placeholder {
  color: #ABB5BA;
}

.c8 {
  border: 1px #ABB5BA solid;
  border-radius: 4px;
  height: 40px;
  width: 100%;
  padding-left: 12px;
  font-size: 14px;
}

.c8::-webkit-input-placeholder {
  color: #ABB5BA;
  font-size: 14px;
}

.c8::-moz-placeholder {
  color: #ABB5BA;
  font-size: 14px;
}

.c8:-ms-input-placeholder {
  color: #ABB5BA;
  font-size: 14px;
}

.c8::placeholder {
  color: #ABB5BA;
  font-size: 14px;
}

.c8:hover {
  border-color: #73848C;
}

.c8:focus {
  outline: none;
  border-color: #454F54;
}

.c8:focus::-webkit-input-placeholder {
  color: transparent;
}

.c8:focus::-moz-placeholder {
  color: transparent;
}

.c8:focus:-ms-input-placeholder {
  color: transparent;
}

.c8:focus::placeholder {
  color: transparent;
}

.c8:disabled {
  color: #ABB5BA;
  border-color: #E3E6E8;
  cursor: not-allowed;
}

.c8:read-only {
  color: #171A1C;
  border: none;
  background-color: #F1F2F3;
  cursor: not-allowed;
}

.c8:-moz-read-only:focus::placeholder {
  color: #ABB5BA;
}

.c8:read-only:focus::placeholder {
  color: #ABB5BA;
}

.c7 {
  color: #E51A1A;
  font-size: 12px;
}

.c4 {
  position: relative;
}

.c3 {
  font-weight: 500;
  font-size: 12px;
  line-height: 20px;
  color: #454F54;
}

.c0 {
  margin-top: 16px;
  padding: 8px 16px;
  border: 1px solid #E3E6E8;
  box-sizing: border-box;
  border-radius: 8px;
  margin-bottom: 16px;
}

.c0 > div {
  display: -webkit-box;
  display: -webkit-flex;
  display: -ms-flexbox;
  display: flex;
  -webkit-flex-direction: column;
  -ms-flex-direction: column;
  flex-direction: column;
  gap: 8px;
}

.c1 {
  color: #E51A1A;
  font-size: 20px;
  padding-bottom: 16px;
}

.c2 {
  display: -webkit-box;
  display: -webkit-flex;
  display: -ms-flexbox;
  display: flex;
  -webkit-align-items: flex-end;
  -webkit-box-align: flex-end;
  -ms-flex-align: flex-end;
  align-items: flex-end;
  gap: 16px;
}

.c2 > *:first-child {
  -webkit-box-flex: 4;
  -webkit-flex-grow: 4;
  -ms-flex-positive: 4;
  flex-grow: 4;
}

.c2 > *:last-child {
  -webkit-box-flex: 1;
  -webkit-flex-grow: 1;
  -ms-flex-positive: 1;
  flex-grow: 1;
}

<body>
  <div>
    <div
      class="c0"
    >
      <h1
        class="c1"
      >
        Danger Zone
      </h1>
      <div>
        <form
          class="c2"
        >
          <div>
            <label
              class="c3"
              for="partitions"
            >
              Number of partitions *
            </label>
            <div
              class="c4"
            >
              <input
                class="c5 c4"
                id="partitions"
                name="partitions"
                placeholder="Number of partitions"
                type="number"
              />
            </div>
          </div>
          <div>
            <button
              class="c6"
              data-testid="partitionsSubmit"
              disabled=""
              type="submit"
            >
              Submit
            </button>
          </div>
        </form>
        <p
          class="c7"
        />
        <form
          class="c2"
        >
          <div>
            <label
              class="c3"
              for="replicationFactor"
            >
              Replication Factor *
            </label>
            <div
              class="c4"
            >
              <input
                class="c8 c4"
                id="replicationFactor"
                name="replicationFactor"
                placeholder="Replication Factor"
                type="number"
              />
            </div>
          </div>
          <div>
            <button
              class="c6"
              data-testid="replicationFactorSubmit"
              disabled=""
              type="submit"
            >
              Submit
            </button>
          </div>
        </form>
        <p
          class="c7"
        />
      </div>
    </div>
  </div>
</body>
`;
